[tatem.com/index.html]
[tatem.com/_next/static/media/730e8169368baf37-s.p.woff2]
[tatem.com/images/tatem-logo.png]
[tatem.com/images/tatem-text.png]
[tatem.com/_next/static/css/6354ca2590a1a56eae80.css]
[tatem.com/_next/static/css/ef53ce1dd883a715ae80.css]
[tatem.com/_next/static/css/afcb67d5b71cff5cae80.css]
[tatem.com/_next/static/css/88c4fcc8b94add82ae80.css]
[tatem.com/_next/static/css/de7a686f93c118faae80.css]
[tatem.com/_next/static/css/e3d0dc443fd71ed9ae80.css]
[tatem.com/_next/static/css/e65e49efe1eba71aae80.css]
[tatem.com/_next/static/css/19a21f73f221899aae80.css]
[tatem.com/_next/static/chunks/webpack-2b0853c931889b85ae80.js]
[tatem.com/_next/static/chunks/eb40600c-37527c71077c9d85ae80.js]
[tatem.com/_next/static/chunks/59bcffeb-2e5d5617a0580f65ae80.js]
[tatem.com/_next/static/chunks/9973-85f60829b7dae991ae80.js]
[tatem.com/_next/static/chunks/main-app-1c0c04fac50331e6ae80.js]
[tatem.com/_next/static/chunks/85dda547-5c6f84d89247d8f3ae80.js]
[tatem.com/_next/static/chunks/0f515d60-d12828cdec37c847ae80.js]
[tatem.com/_next/static/chunks/257b6a2c-bbf7592ed7fae297ae80.js]
[tatem.com/_next/static/chunks/716107be-ffa0d5b427a6b13fae80.js]
[tatem.com/_next/static/chunks/3961-67e3b77192e06e25ae80.js]
[tatem.com/_next/static/chunks/3228-560bb941bbe17ec0ae80.js]
[tatem.com/_next/static/chunks/3067-c87968e3efc1df6cae80.js]
[tatem.com/_next/static/chunks/6346-8ecc22cea98f4bd4ae80.js]
[tatem.com/_next/static/chunks/7407-891f79ff830cb80dae80.js]
[tatem.com/_next/static/chunks/7427-b0fda0a745b7134cae80.js]
[tatem.com/_next/static/chunks/5048-cbb699206126708dae80.js]
[tatem.com/_next/static/chunks/8810-227b212eddc9af23ae80.js]
[tatem.com/_next/static/chunks/6998-eacd00fde782faeeae80.js]
[tatem.com/_next/static/chunks/1083-1ffe598e71ad6b15ae80.js]
[tatem.com/_next/static/chunks/app/(marketing)/(home)/page-98d42aa25b6aecacae80.js]
[tatem.com/_next/static/chunks/7476-f4a9b0a55c5230acae80.js]
[tatem.com/_next/static/chunks/1953-b16f3ec1fd6b900aae80.js]
[tatem.com/_next/static/chunks/app/(marketing)/layout-ee2204d055bc1c3eae80.js]
[tatem.com/_next/static/chunks/app/layout-551f6feacabf3734ae80.js]
[backblue.gif]
[fade.gif]
[index.html]
[tatem.com/_next/static/chunks/app/not-found-916bf49d8be7b924ae80.js]
[tatem.com/images/favicon5e1f.svg]
[tatem.com/images/maskIcon.svg]
[tatem.com/images/apple-touch-icon5e1f.png]
[tatem.com/_next/static/chunks/polyfills-42372ed130431b0aae80.js]
[tatem.com/careers/senior-full-stack-software-engineer/10-02-2024.html]
[tatem.com/releases.html]
[tatem.com/pricing.html]
[tatem.com/sign-in.html]
[tatem.com/join-waitlist.html]
[tatem.com/_/home/monet.jpeg_]
[tatem.com/about.html]
[tatem.com/culture.html]
[tatem.com/careers.html]
[tatem.com/writing.html]
[tatem.com/brand.html]
[tatem.com/credits.html]
[tatem.com/story.html]
[tatem.com/affiliate.html]
[tatem.com/contact.html]
[tatem.com/terms.html]
[tatem.com/privacy.html]
[tatem.com/sitemap.html]
[tatem.com/static/chunks/85dda547-5c6f84d89247d8f3ae80.js]
[tatem.com/static/chunks/0f515d60-d12828cdec37c847ae80.js]
[tatem.com/static/chunks/257b6a2c-bbf7592ed7fae297ae80.js]
[tatem.com/static/chunks/716107be-ffa0d5b427a6b13fae80.js]
[tatem.com/static/chunks/3961-67e3b77192e06e25ae80.js]
[tatem.com/static/chunks/3228-560bb941bbe17ec0ae80.js]
[tatem.com/static/chunks/3067-c87968e3efc1df6cae80.js]
[tatem.com/static/chunks/6346-8ecc22cea98f4bd4ae80.js]
[tatem.com/static/chunks/7407-891f79ff830cb80dae80.js]
[tatem.com/static/chunks/7427-b0fda0a745b7134cae80.js]
[tatem.com/static/chunks/5048-cbb699206126708dae80.js]
[tatem.com/static/chunks/8810-227b212eddc9af23ae80.js]
[tatem.com/static/chunks/6998-eacd00fde782faeeae80.js]
[tatem.com/static/chunks/1083-1ffe598e71ad6b15ae80.js]
[tatem.com/e297ae80.js]
[tatem.com/a9b0a55c5230acae80.js]
[tatem.com/static/chunks/1953-b16f3ec1fd6b900aae80.js]
[tatem.com/static/chunks/7476-f4a9b0a55c5230acae80.js]
[tatem.com/407-891f79ff830cb80dae80.js]
[tatem.com/index.html]
[tatem.com/_next/static/css/6354ca2590a1a56eae80.css]
[tatem.com/_next/static/css/ef53ce1dd883a715ae80.css]
[tatem.com/_next/static/css/afcb67d5b71cff5cae80.css]
[tatem.com/_next/static/css/88c4fcc8b94add82ae80.css]
[tatem.com/_next/static/css/de7a686f93c118faae80.css]
[tatem.com/_next/static/css/e3d0dc443fd71ed9ae80.css]
[tatem.com/_next/static/css/e65e49efe1eba71aae80.css]
[tatem.com/_next/static/css/19a21f73f221899aae80.css]
[tatem.com/images/favicon5e1f.svg]
[tatem.com/images/maskIcon.svg]
[tatem.com/_next/static/css/5eefd53f85816af1ae80.css]
[tatem.com/_next/static/chunks/app/(marketing)/careers/page-a8e2a34ffb629f21ae80.js]
[tatem.com/_next/static/chunks/4221-516776379304c93cae80.js]
[tatem.com/_next/static/chunks/9561-16c045728033fbccae80.js]
[tatem.com/_next/static/chunks/app/(marketing)/careers/[...id]/page-05c0ea4ce0b8e458ae80.js]
[tatem.com/cdn-cgi/l/email-protection.html]
[tatem.com/cdn-cgi/scripts/5c5dd728/cloudflare-static/email-decode.min.js]
[tatem.com/careers/senior-full-stack-software-engineer/static/chunks/85dda547-5c6f84d89247d8f3ae80.js]
[tatem.com/careers/senior-full-stack-software-engineer/static/chunks/0f515d60-d12828cdec37c847ae80.js]
[tatem.com/careers/senior-full-stack-software-engineer/static/chunks/257b6a2c-bbf7592ed7fae297ae80.js]
[tatem.com/careers/senior-full-stack-software-engineer/static/chunks/716107be-ffa0d5b427a6b13fae80.js]
[tatem.com/careers/senior-full-stack-software-engineer/static/chunks/3961-67e3b77192e06e25ae80.js]
[tatem.com/careers/senior-full-stack-software-engineer/static/chunks/3228-560bb941bbe17ec0ae80.js]
[tatem.com/careers/senior-full-stack-software-engineer/static/chunks/3067-c87968e3efc1df6cae80.js]
[tatem.com/careers/senior-full-stack-software-engineer/static/chunks/6346-8ecc22cea98f4bd4ae80.js]
[tatem.com/careers/senior-full-stack-software-engineer/static/chunks/7407-891f79ff830cb80dae80.js]
[tatem.com/careers/senior-full-stack-software-engineer/static/chunks/7427-b0fda0a745b7134cae80.js]
[tatem.com/careers/senior-full-stack-software-engineer/static/chunks/7476-f4a9b0a55c5230acae80.js]
[tatem.com/careers/senior-full-stack-software-engineer/static/chunks/5048-cbb699206126708dae80.js]
[tatem.com/careers/senior-full-stack-software-engineer/static/chunks/8810-227b212eddc9af23ae80.js]
[tatem.com/careers/senior-full-stack-software-engineer/static/chunks/6998-eacd00fde782faeeae80.js]
[tatem.com/careers/senior-full-stack-software-engineer/static/chunks/1953-b16f3ec1fd6b900aae80.js]
[tatem.com/careers/senior-full-stack-software-engineer/968e3efc1df6cae80.js]
[tatem.com/careers/senior-full-stack-software-engineer/static/chunks/4221-516776379304c93cae80.js]
[tatem.com/careers/senior-full-stack-software-engineer/static/chunks/9561-16c045728033fbccae80.js]
[tatem.com/careers/senior-full-stack-software-engineer/10-02-2024.html]
[cdn.sanity.io/images/l6nabp7v/production/5519833401b8f43ebdf06121b9e1eb5fd6b7feed-1304x652.png]
[tatem.com/_next/static/chunks/2536-98781966ef28359bae80.js]
[tatem.com/_next/static/chunks/app/(marketing)/releases/[...id]/page-e3b5f8ac25583200ae80.js]
[tatem.com/releases/our-story/08-16-2023.html]
[tatem.com/releases/page/2]
[tatem.com/68e3efc1df6cae80.js]
[tatem.com/static/chunks/2536-98781966ef28359bae80.js]
[tatem.com/releases.html]
[tatem.com/_next/static/chunks/app/(marketing)/pricing/page-bf20c53a2c136234ae80.js]
[tatem.com/47d8f3ae80.js]
[tatem.com/nks/7407-891f79ff830cb80dae80.js]
[tatem.com/ic/chunks/3067-c87968e3efc1df6cae80.js]
[tatem.com/pricing.html]
[tatem.com/_next/static/css/b59083f79ef725a0ae80.css]
[tatem.com/_next/static/chunks/app/(onboarding)/sign-in/page-c33eff568911c8e8ae80.js]
[tatem.com/_next/static/chunks/6958-0cb1769593a3d510ae80.js]
[tatem.com/_next/static/chunks/8541-1e157ec10448c099ae80.js]
[tatem.com/_next/static/chunks/app/(onboarding)/layout-1a49a2d18b2739c9ae80.js]
[apis.google.com/js/client.js]
[tatem.com/1bbe17ec0ae80.js]
[tatem.com/static/chunks/6958-0cb1769593a3d510ae80.js]
[tatem.com/static/chunks/8541-1e157ec10448c099ae80.js]
[tatem.com/6126708dae80.js]
[tatem.com/sign-in.html]
[tatem.com/join-waitlist.html]
[tatem.com/_/home/404]
[tatem.com/_next/static/chunks/app/(marketing)/join-waitlist/page-90310f3b54550011ae80.js]
[tatem.com/team/chris.png]
[tatem.com/team/thomas.png]
[tatem.com/team/elwin.png]
[tatem.com/investors/caffCapital-bg.png]
[tatem.com/investors/caffCapital.png]
[tatem.com/investors/kyber-knight-bg.png]
[tatem.com/investors/kyber-knight.png]
[tatem.com/investors/house-fund-bg.png]
[tatem.com/_next/static/chunks/app/(marketing)/about/page-752247fa62627f65ae80.js]
[tatem.com/investors/house-fund.png]
[tatem.com/-227b212eddc9af23ae80.js]
[tatem.com/s/7476-f4a9b0a55c5230acae80.js]
[tatem.com/about.html]
[tatem.com/_next/static/chunks/app/(marketing)/culture/page-15e1e7bf11d21814ae80.js]
[tatem.com/culture/1.html]
[tatem.com/c87968e3efc1df6cae80.js]
[tatem.com/culture.html]
[tatem.com/careers.html]
[tatem.com/_next/static/chunks/app/(marketing)/writing/page-7631676a287b8fa6ae80.js]
[tatem.com/hunks/3961-67e3b77192e06e25ae80.js]
[tatem.com/writing.html]
[tatem.com/brand/tatem-wordmark-black.png]
[tatem.com/brand/tatem-wordmark-white.png]
[tatem.com/brand/tatem-logo-black.png]
[tatem.com/brand/tatem-logo-white.png]
[tatem.com/_next/static/chunks/app/(marketing)/brand/page-9e12332b4977f43dae80.js]
[tatem.com/5b427a6b13fae80.js]
[tatem.com/ddc9af23ae80.js]
[tatem.com/brand.html]
[tatem.com/_next/static/media/07ce98f0c2830616-s.p.woff2]
[tatem.com/_next/static/css/4b5be6b4fc49c5d9ae80.css]
[tatem.com/_next/static/chunks/app/(marketing)/credits/page-1cc7411b55e3992fae80.js]
[tatem.com/7968e3efc1df6cae80.js]
[tatem.com/credits.html]
[tatem.com/_next/static/chunks/app/(marketing)/story/page-3ae5291847c80db2ae80.js]
[tatem.com/7be-ffa0d5b427a6b13fae80.js]
[tatem.com/chunks/8810-227b212eddc9af23ae80.js]
[tatem.com/story.html]
[tatem.com/_next/static/css/f97b784feccc98e7ae80.css]
[tatem.com/_next/static/chunks/7638-6e93ca6f8475032dae80.js]
[tatem.com/_next/static/chunks/app/(marketing)/affiliate/page-193da89527a7a66dae80.js]
[tatem.com/static/chunks/7638-6e93ca6f8475032dae80.js]
[tatem.com/static/chunks/9561-16c045728033fbccae80.js]
[tatem.com/cbb699206126708dae80.js]
[tatem.com/affiliate.html]
[tatem.com/_next/static/chunks/app/(marketing)/contact/page-5f88a1fa7d9fa8a4ae80.js]
[tatem.com/tic/chunks/85dda547-5c6f84d89247d8f3ae80.js]
[tatem.com/s/6346-8ecc22cea98f4bd4ae80.js]
[tatem.com/contact.html]
[tatem.com/_next/static/chunks/app/(marketing)/terms/page-95795cae1594a230ae80.js]
[tatem.com/nks/3961-67e3b77192e06e25ae80.js]
[tatem.com/terms.html]
[tatem.com/privacy.html]
[tatem.com/_next/static/chunks/app/(marketing)/privacy/page-a9ea2250b37eefc8ae80.js]
[tatem.com/_next/static/chunks/app/(marketing)/sitemap/page-755420ecf8587cd2ae80.js]
[tatem.com/sign-up.html]
[tatem.com/culture/2.html]
[tatem.com/culture/3.html]
[tatem.com/culture/4.html]
[tatem.com/culture/5.html]
[tatem.com/sitemap.html]
[tatem.com/static/chunks/404ae80]
[tatem.com/static/chunks/404ae80-2]
[tatem.com/static/chunks/404ae80-3]
[tatem.com/static/chunks/404ae80-4]
[tatem.com/static/chunks/404ae80-5]
[tatem.com/static/chunks/404ae80-6]
[tatem.com/static/chunks/404ae80-7]
[tatem.com/static/chunks/404ae80-8]
[tatem.com/static/chunks/404ae80-9]
[tatem.com/static/chunks/404ae80-10]
[tatem.com/static/chunks/404ae80-11]
[tatem.com/static/chunks/404ae80-12]
[tatem.com/static/chunks/404ae80-13]
[tatem.com/static/chunks/404ae80-14]
[tatem.com/404ae80]
[tatem.com/404ae80-2]
[tatem.com/static/chunks/404ae80-15]
[tatem.com/static/chunks/404ae80-16]
[tatem.com/404ae80-3]
[tatem.com/_next/static/css/5eefd53f85816af1ae80.css]
[tatem.com/cdn-cgi/l/email-protection.html]
[tatem.com/careers/senior-full-stack-software-engineer/static/chunks/85dda547-5c6f84d89247d8f3ae80.html]
[tatem.com/careers/senior-full-stack-software-engineer/static/chunks/0f515d60-d12828cdec37c847ae80.html]
[tatem.com/careers/senior-full-stack-software-engineer/static/chunks/257b6a2c-bbf7592ed7fae297ae80.html]
[tatem.com/careers/senior-full-stack-software-engineer/static/chunks/716107be-ffa0d5b427a6b13fae80.html]
[tatem.com/careers/senior-full-stack-software-engineer/static/chunks/3961-67e3b77192e06e25ae80.html]
[tatem.com/careers/senior-full-stack-software-engineer/static/chunks/3228-560bb941bbe17ec0ae80.html]
[tatem.com/careers/senior-full-stack-software-engineer/static/chunks/3067-c87968e3efc1df6cae80.html]
[tatem.com/careers/senior-full-stack-software-engineer/static/chunks/6346-8ecc22cea98f4bd4ae80.html]
[tatem.com/careers/senior-full-stack-software-engineer/static/chunks/7407-891f79ff830cb80dae80.html]
[tatem.com/careers/senior-full-stack-software-engineer/static/chunks/7427-b0fda0a745b7134cae80.html]
[tatem.com/careers/senior-full-stack-software-engineer/static/chunks/7476-f4a9b0a55c5230acae80.html]
[tatem.com/careers/senior-full-stack-software-engineer/static/chunks/5048-cbb699206126708dae80.html]
[tatem.com/careers/senior-full-stack-software-engineer/static/chunks/8810-227b212eddc9af23ae80.html]
[tatem.com/careers/senior-full-stack-software-engineer/static/chunks/6998-eacd00fde782faeeae80.html]
[tatem.com/careers/senior-full-stack-software-engineer/static/chunks/1953-b16f3ec1fd6b900aae80.html]
[tatem.com/careers/senior-full-stack-software-engineer/968e3efc1df6cae80.html]
[tatem.com/careers/senior-full-stack-software-engineer/static/chunks/4221-516776379304c93cae80.html]
[tatem.com/careers/senior-full-stack-software-engineer/static/chunks/9561-16c045728033fbccae80.html]
[tatem.com/culture/6.html]
[tatem.com/releases/our-story/static/chunks/85dda547-5c6f84d89247d8f3ae80.js]
[tatem.com/releases/our-story/static/chunks/0f515d60-d12828cdec37c847ae80.js]
[tatem.com/releases/our-story/static/chunks/257b6a2c-bbf7592ed7fae297ae80.js]
[tatem.com/releases/our-story/static/chunks/716107be-ffa0d5b427a6b13fae80.js]
[tatem.com/releases/our-story/static/chunks/3961-67e3b77192e06e25ae80.js]
[tatem.com/releases/our-story/static/chunks/3228-560bb941bbe17ec0ae80.js]
[tatem.com/releases/our-story/static/chunks/3067-c87968e3efc1df6cae80.js]
[tatem.com/releases/our-story/static/chunks/6346-8ecc22cea98f4bd4ae80.js]
[tatem.com/releases/our-story/static/chunks/7407-891f79ff830cb80dae80.js]
[tatem.com/releases/our-story/static/chunks/7427-b0fda0a745b7134cae80.js]
[tatem.com/releases/our-story/static/chunks/7476-f4a9b0a55c5230acae80.js]
[tatem.com/releases/our-story/static/chunks/5048-cbb699206126708dae80.js]
[tatem.com/releases/our-story/static/chunks/8810-227b212eddc9af23ae80.js]
[tatem.com/releases/our-story/static/chunks/6998-eacd00fde782faeeae80.js]
[tatem.com/releases/our-story/static/chunks/1953-b16f3ec1fd6b900aae80.js]
[tatem.com/releases/our-story/968e3efc1df6cae80.js]
[tatem.com/releases/our-story/static/chunks/2536-98781966ef28359bae80.js]
[tatem.com/releases/our-story/08-16-2023.html]
[tatem.com/releases/page/2.html]
[tatem.com/404ae80-4]
[tatem.com/static/chunks/404ae80-17]
[tatem.com/404ae80-5]
[tatem.com/nks/404ae80]
[tatem.com/ic/chunks/404ae80]
[tatem.com/_next/static/css/b59083f79ef725a0ae80.css]
[tatem.com/404ae80-6]
[tatem.com/static/chunks/404ae80-18]
[tatem.com/static/chunks/404ae80-19]
[tatem.com/404ae80-7]
[tatem.com/404ae80-8]
[tatem.com/s/404ae80]
[tatem.com/_next/static/chunks/app/(marketing)/culture/[index]/page-0664a060bba5e5a7ae80.js]
[tatem.com/culture/static/chunks/3961-67e3b77192e06e25ae80.js]
[tatem.com/culture/static/chunks/5048-cbb699206126708dae80.js]
[tatem.com/culture/static/chunks/85dda547-5c6f84d89247d8f3ae80.js]
[tatem.com/culture/static/chunks/0f515d60-d12828cdec37c847ae80.js]
[tatem.com/culture/static/chunks/257b6a2c-bbf7592ed7fae297ae80.js]
[tatem.com/culture/static/chunks/716107be-ffa0d5b427a6b13fae80.js]
[tatem.com/culture/static/chunks/3228-560bb941bbe17ec0ae80.js]
[tatem.com/culture/static/chunks/3067-c87968e3efc1df6cae80.js]
[tatem.com/culture/static/chunks/6346-8ecc22cea98f4bd4ae80.js]
[tatem.com/culture/static/chunks/7407-891f79ff830cb80dae80.js]
[tatem.com/culture/static/chunks/7427-b0fda0a745b7134cae80.js]
[tatem.com/culture/static/chunks/7476-f4a9b0a55c5230acae80.js]
[tatem.com/culture/static/chunks/8810-227b212eddc9af23ae80.js]
[tatem.com/culture/static/chunks/6998-eacd00fde782faeeae80.js]
[tatem.com/culture/static/chunks/1953-b16f3ec1fd6b900aae80.js]
[tatem.com/culture/nks/3067-c87968e3efc1df6cae80.js]
[tatem.com/culture/1.html]
[tatem.com/404ae80-9]
[tatem.com/hunks/404ae80]
[tatem.com/404ae80-10]
[tatem.com/404ae80-11]
[tatem.com/_next/static/css/4b5be6b4fc49c5d9ae80.css]
[tatem.com/404ae80-12]
[tatem.com/404ae80-13]
[tatem.com/chunks/404ae80]
[tatem.com/_next/static/css/f97b784feccc98e7ae80.css]
[tatem.com/static/chunks/404ae80-20]
[tatem.com/static/chunks/404ae80-21]
[tatem.com/404ae80-14]
[tatem.com/tic/chunks/404ae80]
[tatem.com/s/404ae80-2]
[tatem.com/nks/404ae80-2]
[tatem.com/_next/static/chunks/4069-df4869506429e201ae80.js]
[tatem.com/_next/static/chunks/3120-87083cdaee7c00d0ae80.js]
[tatem.com/_next/static/chunks/app/(onboarding)/sign-up/page-877b95c43b5ed7cbae80.js]
[tatem.com/_next/static/css/1b8c075957828445ae80.css]
[tatem.com/static/chunks/4069-df4869506429e201ae80.js]
[tatem.com/static/chunks/3120-87083cdaee7c00d0ae80.js]
[tatem.com/427a6b13fae80.js]
[tatem.com/sign-up.html]
[tatem.com/culture/2.html]
[tatem.com/culture/3.html]
[tatem.com/culture/4.html]
[tatem.com/culture/5.html]
[tatem.com/culture/7]
[tatem.com/culture/6.html]
[tatem.com/releases/our-story/static/chunks/85dda547-5c6f84d89247d8f3ae80.html]
[tatem.com/releases/our-story/static/chunks/0f515d60-d12828cdec37c847ae80.html]
[tatem.com/releases/our-story/static/chunks/257b6a2c-bbf7592ed7fae297ae80.html]
[tatem.com/releases/our-story/static/chunks/716107be-ffa0d5b427a6b13fae80.html]
[tatem.com/releases/our-story/static/chunks/3961-67e3b77192e06e25ae80.html]
[tatem.com/releases/our-story/static/chunks/3228-560bb941bbe17ec0ae80.html]
[tatem.com/releases/our-story/static/chunks/3067-c87968e3efc1df6cae80.html]
[tatem.com/releases/our-story/static/chunks/6346-8ecc22cea98f4bd4ae80.html]
[tatem.com/releases/our-story/static/chunks/7407-891f79ff830cb80dae80.html]
[tatem.com/releases/our-story/static/chunks/7427-b0fda0a745b7134cae80.html]
[tatem.com/releases/our-story/static/chunks/7476-f4a9b0a55c5230acae80.html]
[tatem.com/releases/our-story/static/chunks/5048-cbb699206126708dae80.html]
[tatem.com/releases/our-story/static/chunks/8810-227b212eddc9af23ae80.html]
[tatem.com/releases/our-story/static/chunks/6998-eacd00fde782faeeae80.html]
[tatem.com/releases/our-story/static/chunks/1953-b16f3ec1fd6b900aae80.html]
[tatem.com/releases/our-story/968e3efc1df6cae80.html]
[tatem.com/releases/our-story/static/chunks/2536-98781966ef28359bae80.html]
[tatem.com/culture/static/chunks/404ae80]
[tatem.com/culture/static/chunks/404ae80-2]
[tatem.com/culture/static/chunks/404ae80-3]
[tatem.com/culture/static/chunks/404ae80-4]
[tatem.com/culture/static/chunks/404ae80-5]
[tatem.com/culture/static/chunks/404ae80-6]
[tatem.com/culture/static/chunks/404ae80-7]
[tatem.com/culture/static/chunks/404ae80-8]
[tatem.com/culture/static/chunks/404ae80-9]
[tatem.com/culture/static/chunks/404ae80-10]
[tatem.com/culture/static/chunks/404ae80-11]
[tatem.com/culture/static/chunks/404ae80-12]
[tatem.com/culture/static/chunks/404ae80-13]
[tatem.com/culture/static/chunks/404ae80-14]
[tatem.com/culture/static/chunks/404ae80-15]
[tatem.com/culture/nks/404ae80]
[tatem.com/_next/static/css/1b8c075957828445ae80.css]
[tatem.com/static/chunks/404ae80-22]
[tatem.com/static/chunks/404ae80-23]
[tatem.com/404ae80-15]
[tatem.com/culture/7.html]
